Starting conditional copying of RiVLib ...
rivlib folder not found.
Conditional copying of RiVLib completed.
Building RayCloudTools...
-- Configuring done (3.4s)
-- Generating done (61.1s)
-- Build files have been written to: /workspaces/raycloudtools/build
[  1%] Building CXX object raylib/CMakeFiles/raylib.dir/rayalignment.cpp.o
[  2%] Building CXX object raylib/CMakeFiles/raylib.dir/rayaxisalign.cpp.o
[  3%] Building CXX object raylib/CMakeFiles/raylib.dir/raycloud.cpp.o
[  4%] Building CXX object raylib/CMakeFiles/raylib.dir/raycloudwriter.cpp.o
[  6%] Building CXX object raylib/CMakeFiles/raylib.dir/rayconcavehull.cpp.o
[  7%] Building CXX object raylib/CMakeFiles/raylib.dir/rayconvexhull.cpp.o
[  8%] Building CXX object raylib/CMakeFiles/raylib.dir/raydecimation.cpp.o
[  9%] Building CXX object raylib/CMakeFiles/raylib.dir/rayellipsoid.cpp.o
[ 11%] Building CXX object raylib/CMakeFiles/raylib.dir/rayfinealignment.cpp.o
[ 12%] Building CXX object raylib/CMakeFiles/raylib.dir/rayforestgen.cpp.o
[ 13%] Building CXX object raylib/CMakeFiles/raylib.dir/rayforeststructure.cpp.o
[ 14%] Building CXX object raylib/CMakeFiles/raylib.dir/raylaz.cpp.o
[ 16%] Building CXX object raylib/CMakeFiles/raylib.dir/rayriegl.cpp.o
[ 17%] Building CXX object raylib/CMakeFiles/raylib.dir/raymerger.cpp.o
[ 18%] Building CXX object raylib/CMakeFiles/raylib.dir/raymesh.cpp.o
[ 19%] Building CXX object raylib/CMakeFiles/raylib.dir/rayply.cpp.o
[ 20%] Building CXX object raylib/CMakeFiles/raylib.dir/rayprogressthread.cpp.o
[ 22%] Building CXX object raylib/CMakeFiles/raylib.dir/rayroomgen.cpp.o
[ 23%] Building CXX object raylib/CMakeFiles/raylib.dir/raysplitter.cpp.o
[ 24%] Building CXX object raylib/CMakeFiles/raylib.dir/raybuildinggen.cpp.o
[01m[K/workspaces/raycloudtools/raylib/rayply.cpp:[m[K In function '[01m[Kbool ray::[01;32m[KwriteRayCloudChunk[m[K(std::ofstream&, std::vector<char>&, const std::vector<Eigen::Matrix<double, 3, 1> >&, const std::vector<Eigen::Matrix<double, 3, 1> >&, const std::vector<double>&, const std::vector<RGBA>&, const std::vector<unsigned char>&, const std::vector<short unsigned int>&, bool&)[m[K':
[01m[K/workspaces/raycloudtools/raylib/rayply.cpp:90:31:[m[K [01;35m[Kwarning: [m[Kunused parameter '[01m[Khas_warned[m[K' [[01;35m[K-Wunused-parameter[m[K]
   90 |                         [01;35m[Kbool &has_warned[m[K)
      |                         [01;35m[K~~~~~~^~~~~~~~~~[m[K
[01m[K/workspaces/raycloudtools/raylib/rayply.cpp:[m[K In function '[01m[Kbool ray::[01;32m[KwritePointCloudChunk[m[K(std::ofstream&, std::vector<char>&, const std::vector<Eigen::Matrix<double, 3, 1> >&, const std::vector<double>&, const std::vector<RGBA>&, const std::vector<unsigned char>&, const std::vector<short unsigned int>&, bool&)[m[K':
[01m[K/workspaces/raycloudtools/raylib/rayply.cpp:247:33:[m[K [01;35m[Kwarning: [m[Kunused parameter '[01m[Khas_warned[m[K' [[01;35m[K-Wunused-parameter[m[K]
  247 |                           [01;35m[Kbool &has_warned[m[K)
      |                           [01;35m[K~~~~~~^~~~~~~~~~[m[K
[01m[K/workspaces/raycloudtools/raylib/rayply.cpp:[m[K In function '[01m[Kbool ray::[01;32m[KreadPly[m[K(const std::string&, bool, std::function<void(std::vector<Eigen::Matrix<double, 3, 1> >&, std::vector<Eigen::Matrix<double, 3, 1> >&, std::vector<double>&, std::vector<RGBA>&, std::vector<unsigned char>&, std::vector<short unsigned int>&)>, double, bool, size_t)[m[K':
[01m[K/workspaces/raycloudtools/raylib/rayply.cpp:369:7:[m[K [01;35m[Kwarning: [m[Kvariable '[01m[Kintensity_offset[m[K' set but not used [[01;35m[K-Wunused-but-set-variable[m[K]
  369 |   int [01;35m[Kintensity_offset[m[K = -1;
      |       [01;35m[K^~~~~~~~~~~~~~~~[m[K
[01m[K/workspaces/raycloudtools/raylib/rayply.cpp:376:12:[m[K [01;35m[Kwarning: [m[Kvariable '[01m[Kintensity_type[m[K' set but not used [[01;35m[K-Wunused-but-set-variable[m[K]
  376 |   DataType [01;35m[Kintensity_type[m[K = kDTnone;
      |            [01;35m[K^~~~~~~~~~~~~~[m[K
[01m[K/workspaces/raycloudtools/raylib/rayply.cpp:357:21:[m[K [01;35m[Kwarning: [m[Kunused parameter '[01m[Kmax_intensity[m[K' [[01;35m[K-Wunused-parameter[m[K]
  357 |              [01;35m[Kdouble max_intensity[m[K, bool times_optional, size_t chunk_size)
      |              [01;35m[K~~~~~~~^~~~~~~~~~~~~[m[K
[01m[K/workspaces/raycloudtools/raylib/rayply.cpp:357:41:[m[K [01;35m[Kwarning: [m[Kunused parameter '[01m[Ktimes_optional[m[K' [[01;35m[K-Wunused-parameter[m[K]
  357 |              double max_intensity, [01;35m[Kbool times_optional[m[K, size_t chunk_size)
      |                                    [01;35m[K~~~~~^~~~~~~~~~~~~~[m[K
[ 25%] Building CXX object raylib/CMakeFiles/raylib.dir/raycuboid.cpp.o
[ 27%] Building CXX object raylib/CMakeFiles/raylib.dir/rayterraingen.cpp.o
[ 28%] Building CXX object raylib/CMakeFiles/raylib.dir/raythreads.cpp.o
[ 29%] Building CXX object raylib/CMakeFiles/raylib.dir/raytrajectory.cpp.o
[ 30%] Building CXX object raylib/CMakeFiles/raylib.dir/raytreegen.cpp.o
[ 32%] Building CXX object raylib/CMakeFiles/raylib.dir/raytreestructure.cpp.o
[ 33%] Building CXX object raylib/CMakeFiles/raylib.dir/rayparse.cpp.o
[ 34%] Building CXX object raylib/CMakeFiles/raylib.dir/rayrandom.cpp.o
[ 35%] Building CXX object raylib/CMakeFiles/raylib.dir/rayrenderer.cpp.o
[ 37%] Building CXX object raylib/CMakeFiles/raylib.dir/extraction/raygrid2d.cpp.o
[ 38%] Building CXX object raylib/CMakeFiles/raylib.dir/extraction/raytrunk.cpp.o
[ 39%] Building CXX object raylib/CMakeFiles/raylib.dir/extraction/raytrunks.cpp.o
[ 40%] Building CXX object raylib/CMakeFiles/raylib.dir/extraction/rayclusters.cpp.o
[ 41%] Building CXX object raylib/CMakeFiles/raylib.dir/extraction/rayleaves.cpp.o
[ 43%] Building CXX object raylib/CMakeFiles/raylib.dir/extraction/rayterrain.cpp.o
[01m[K/workspaces/raycloudtools/raylib/raysplitter.cpp:[m[K In lambda function:
[01m[K/workspaces/raycloudtools/raylib/raysplitter.cpp:338:40:[m[K [01;35m[Kwarning: [m[Kconversion from '[01m[Klong int[m[K' to '[01m[Kint[m[K' may change value [[01;35m[K-Wconversion[m[K]
  338 |             const int time_dif = [01;35m[Kt_idx - min_time[m[K;
      |                                  [01;35m[K~~~~~~^~~~~~~~~~[m[K
[ 44%] Building CXX object raylib/CMakeFiles/raylib.dir/extraction/raytrees.cpp.o
[ 45%] Building CXX object raylib/CMakeFiles/raylib.dir/extraction/rayforest.cpp.o
[ 46%] Building CXX object raylib/CMakeFiles/raylib.dir/extraction/rayforest_draw.cpp.o
[ 48%] Building CXX object raylib/CMakeFiles/raylib.dir/extraction/rayforest_watershed.cpp.o
[ 49%] Building CXX object raylib/CMakeFiles/raylib.dir/extraction/raysegment.cpp.o
[ 50%] Building CXX object raylib/CMakeFiles/raylib.dir/extraction/raydensegrid.cpp.o
In file included from [01m[K/workspaces/raycloudtools/raylib/extraction/rayleaves.cpp:19[m[K:
[01m[K/workspaces/raycloudtools/raylib/imageread.h:[m[K In function '[01m[Kvoid[01;32m[K stbi__jpeg_dequantize[m[K(short int*, stbi__uint16*)[m[K':
[01m[K/workspaces/raycloudtools/raylib/imageread.h:3043:15:[m[K [01;35m[Kwarning: [m[Kconversion from '[01m[Kint[m[K' to '[01m[Kshort int[m[K' may change value [[01;35m[K-Wconversion[m[K]
 3043 |       [01;35m[Kdata[i] *= dequant[i][m[K;
      |       [01;35m[K~~~~~~~~^~~~~~~~~~~~~[m[K
[01m[K/workspaces/raycloudtools/raylib/imageread.h:[m[K In function '[01m[Kvoid[01;32m[K stbi__de_iphone[m[K(stbi__png*)[m[K':
[01m[K/workspaces/raycloudtools/raylib/imageread.h:5000:43:[m[K [01;35m[Kwarning: [m[Kconversion from '[01m[Kint[m[K' to '[01m[Kstbi_uc[m[K' {aka '[01m[Kunsigned char[m[K'} may change value [[01;35m[K-Wconversion[m[K]
 5000 |                p[0] = [01;35m[K(p[2] * 255 + half) / a[m[K;
      |                       [01;35m[K~~~~~~~~~~~~~~~~~~~~^~~[m[K
[01m[K/workspaces/raycloudtools/raylib/imageread.h:5001:43:[m[K [01;35m[Kwarning: [m[Kconversion from '[01m[Kint[m[K' to '[01m[Kstbi_uc[m[K' {aka '[01m[Kunsigned char[m[K'} may change value [[01;35m[K-Wconversion[m[K]
 5001 |                p[1] = [01;35m[K(p[1] * 255 + half) / a[m[K;
      |                       [01;35m[K~~~~~~~~~~~~~~~~~~~~^~~[m[K
[01m[K/workspaces/raycloudtools/raylib/imageread.h:5002:43:[m[K [01;35m[Kwarning: [m[Kconversion from '[01m[Kint[m[K' to '[01m[Kstbi_uc[m[K' {aka '[01m[Kunsigned char[m[K'} may change value [[01;35m[K-Wconversion[m[K]
 5002 |                p[2] = [01;35m[K( t   * 255 + half) / a[m[K;
      |                       [01;35m[K~~~~~~~~~~~~~~~~~~~~^~~[m[K
[01m[K/workspaces/raycloudtools/raylib/imageread.h:[m[K In function '[01m[Kvoid[01;32m[K stbi__hdr_convert[m[K(float*, stbi_uc*, int)[m[K':
[01m[K/workspaces/raycloudtools/raylib/imageread.h:7060:43:[m[K [01;35m[Kwarning: [m[Kconversion from '[01m[Kint[m[K' to '[01m[Kfloat[m[K' may change value [[01;35m[K-Wconversion[m[K]
 7060 |          output[0] = [01;35m[K(input[0] + input[1] + input[2])[m[K * f1 / 3;
      |                      [01;35m[K~~~~~~~~~~~~~~~~~~~~~^~~~~~~~~~~[m[K
[01m[K/workspaces/raycloudtools/raylib/extraction/raysegment.cpp:[m[K In function '[01m[Kvoid ray::[01;32m[KsaveGridAsPly[m[K(const std::string&, const std::string&, const Eigen::ArrayXXi&, const Eigen::Vector3d&, double, const Eigen::Vector3d&)[m[K':
[01m[K/workspaces/raycloudtools/raylib/extraction/raysegment.cpp:70:47:[m[K [01;35m[Kwarning: [m[Kconversion from '[01m[KEigen::Index[m[K' {aka '[01m[Klong int[m[K'} to '[01m[Kint[m[K' may change value [[01;35m[K-Wconversion[m[K]
   70 |     int point_count = [01;35m[K(grid.array() > 0).count()[m[K;
      |                       [01;35m[K~~~~~~~~~~~~~~~~~~~~~~~~^~[m[K
[01m[K/workspaces/raycloudtools/raylib/extraction/raysegment.cpp:[m[K In function '[01m[Kvoid ray::[01;32m[KsavePathsToMesh[m[K(const std::string&, const std::string&, const std::vector<Vertex>&, bool, const Eigen::Vector3d&)[m[K':
[01m[K/workspaces/raycloudtools/raylib/extraction/raysegment.cpp:299:43:[m[K [01;35m[Kwarning: [m[Kconversion from '[01m[Ksize_t[m[K' {aka '[01m[Klong unsigned int[m[K'} to '[01m[Kstd::vector<int>::value_type[m[K' {aka '[01m[Kint[m[K'} may change value [[01;35m[K-Wconversion[m[K]
  299 |             children[parent_id].push_back([01;35m[Ki[m[K);
      |                                           [01;35m[K^[m[K
[01m[K/workspaces/raycloudtools/raylib/extraction/raysegment.cpp:[m[K In function '[01m[Kstd::vector<std::vector<int> > ray::[01;32m[KgetRootsAndSegment[m[K(std::vector<Vertex>&, const Cloud&, const Mesh&, double, double, double, double, bool, bool, bool, const std::string&, const Eigen::Vector3d&, bool)[m[K':
[01m[K/workspaces/raycloudtools/raylib/extraction/raysegment.cpp:432:48:[m[K [01;35m[Kwarning: [m[Kconversion from '[01m[Ksize_t[m[K' {aka '[01m[Klong unsigned int[m[K'} to '[01m[Kstd::vector<int>::value_type[m[K' {aka '[01m[Kint[m[K'} may change value [[01;35m[K-Wconversion[m[K]
  432 |           children[points[i].parent].push_back([01;35m[Ki[m[K);
      |                                                [01;35m[K^[m[K
[01m[K/workspaces/raycloudtools/raylib/extraction/raysegment.cpp:440:32:[m[K [01;35m[Kwarning: [m[Kconversion from '[01m[Ksize_t[m[K' {aka '[01m[Klong unsigned int[m[K'} to '[01m[Kint[m[K' may change value [[01;35m[K-Wconversion[m[K]
  440 |           points[i].tip_root = [01;35m[Ki[m[K;
      |                                [01;35m[K^[m[K
[01m[K/workspaces/raycloudtools/raylib/extraction/raysegment.cpp:442:59:[m[K [01;35m[Kwarning: [m[Kconversion from '[01m[Ksize_t[m[K' {aka '[01m[Klong unsigned int[m[K'} to '[01m[Kint[m[K' may change value [[01;35m[K-Wconversion[m[K]
  442 |           closest_node_top_down.push(QueueNode(0, 0, 1.0, [01;35m[Ki[m[K, i));
      |                                                           [01;35m[K^[m[K
[01m[K/workspaces/raycloudtools/raylib/extraction/raysegment.cpp:442:62:[m[K [01;35m[Kwarning: [m[Kconversion from '[01m[Ksize_t[m[K' {aka '[01m[Klong unsigned int[m[K'} to '[01m[Kint[m[K' may change value [[01;35m[K-Wconversion[m[K]
  442 |           closest_node_top_down.push(QueueNode(0, 0, 1.0, i, [01;35m[Ki[m[K));
      |                                                              [01;35m[K^[m[K
[01m[K/workspaces/raycloudtools/raylib/extraction/raysegment.cpp:460:73:[m[K [01;35m[Kwarning: [m[Kconversion from '[01m[Ksize_t[m[K' {aka '[01m[Klong unsigned int[m[K'} to '[01m[Kstd::vector<int>::value_type[m[K' {aka '[01m[Kint[m[K'} may change value [[01;35m[K-Wconversion[m[K]
  460 |   for(size_t i = 0; i < points.size(); ++i) all_point_indices.push_back([01;35m[Ki[m[K);
      |                                                                         [01;35m[K^[m[K
[01m[K/workspaces/raycloudtools/raylib/extraction/raysegment.cpp:522:47:[m[K [01;35m[Kwarning: [m[Kconversion from '[01m[KEigen::Index[m[K' {aka '[01m[Klong int[m[K'} to '[01m[KEigen::DenseCoeffsBase<Eigen::Array<int, -1, -1>, 1>::Scalar[m[K' {aka '[01m[Kint[m[K'} may change value [[01;35m[K-Wconversion[m[K]
  522 |               bests_grid(x, y) = [01;35m[Kbest_idx.x() + sums.rows() * best_idx.y()[m[K;
      |                                  [01;35m[K~~~~~~~~~~~~~^~~~~~~~~~~~~~~~~~~~~~~~~~~~[m[K
[01m[K/workspaces/raycloudtools/raylib/extraction/raydensegrid.cpp:[m[K In function '[01m[Kbool ray::[01;32m[KgenerateDenseVoxels[m[K(const std::string&, double, Eigen::Vector3d, Eigen::Vector3d, bool, bool)[m[K':
[01m[K/workspaces/raycloudtools/raylib/extraction/raydensegrid.cpp:70:53:[m[K [01;35m[Kwarning: [m[Kconversion from '[01m[Klong int[m[K' to '[01m[KEigen::DenseCoeffsBase<Eigen::Matrix<double, 3, 1>, 1>::Scalar[m[K' {aka '[01m[Kdouble[m[K'} changes value from '[01m[K9223372036854775805[m[K' to '[01m[K9.2233720368547758e+18[m[K' [[01;35m[K-Wfloat-conversion[m[K]
   70 |     if (temp2[i] > [01;35m[Kstd::numeric_limits<long>::max() - 2[m[K)
      |                    [01;35m[K~~~~~~~~~~~~~~~~~~~~~~~~~~~~~~~~~^~~[m[K
[01m[K/workspaces/raycloudtools/raylib/extraction/raydensegrid.cpp:130:63:[m[K [01;35m[Kwarning: [m[Kconversion from '[01m[Klong int[m[K' to '[01m[Kdouble[m[K' may change value [[01;35m[K-Wconversion[m[K]
  130 |           double x = grid_bounds.min_bound_[0] + vox_width * ([01;35m[Ki[m[K + 1.5);
      |                                                               [01;35m[K^[m[K
[01m[K/workspaces/raycloudtools/raylib/extraction/raydensegrid.cpp:131:63:[m[K [01;35m[Kwarning: [m[Kconversion from '[01m[Klong int[m[K' to '[01m[Kdouble[m[K' may change value [[01;35m[K-Wconversion[m[K]
  131 |           double y = grid_bounds.min_bound_[1] + vox_width * ([01;35m[Kj[m[K + 1.5);
      |                                                               [01;35m[K^[m[K
[01m[K/workspaces/raycloudtools/raylib/extraction/raydensegrid.cpp:132:63:[m[K [01;35m[Kwarning: [m[Kconversion from '[01m[Klong int[m[K' to '[01m[Kdouble[m[K' may change value [[01;35m[K-Wconversion[m[K]
  132 |           double z = grid_bounds.min_bound_[2] + vox_width * ([01;35m[Kk[m[K + 1.5);
      |                                                               [01;35m[K^[m[K
[01m[K/workspaces/raycloudtools/raylib/extraction/raydensegrid.cpp:143:65:[m[K [01;35m[Kwarning: [m[Kconversion from '[01m[Klong int[m[K' to '[01m[Kdouble[m[K' may change value [[01;35m[K-Wconversion[m[K]
  143 |             double x = grid_bounds.min_bound_[0] + vox_width * ([01;35m[Ki[m[K + 1.5);
      |                                                                 [01;35m[K^[m[K
[01m[K/workspaces/raycloudtools/raylib/extraction/raydensegrid.cpp:144:65:[m[K [01;35m[Kwarning: [m[Kconversion from '[01m[Klong int[m[K' to '[01m[Kdouble[m[K' may change value [[01;35m[K-Wconversion[m[K]
  144 |             double y = grid_bounds.min_bound_[1] + vox_width * ([01;35m[Kj[m[K + 1.5);
      |                                                                 [01;35m[K^[m[K
[01m[K/workspaces/raycloudtools/raylib/extraction/raydensegrid.cpp:145:65:[m[K [01;35m[Kwarning: [m[Kconversion from '[01m[Klong int[m[K' to '[01m[Kdouble[m[K' may change value [[01;35m[K-Wconversion[m[K]
  145 |             double z = grid_bounds.min_bound_[2] + vox_width * ([01;35m[Kk[m[K + 1.5);
      |                                                                 [01;35m[K^[m[K
In file included from [01m[K/usr/include/c++/13/bits/stl_algobase.h:64[m[K,
                 from [01m[K/usr/include/c++/13/string:51[m[K,
                 from [01m[K/usr/include/c++/13/bits/locale_classes.h:40[m[K,
                 from [01m[K/usr/include/c++/13/bits/ios_base.h:41[m[K,
                 from [01m[K/usr/include/c++/13/ios:44[m[K,
                 from [01m[K/usr/include/c++/13/ostream:40[m[K,
                 from [01m[K/usr/include/c++/13/iostream:41[m[K,
                 from [01m[K/workspaces/raycloudtools/raylib/extraction/raytrunks.h:9[m[K,
                 from [01m[K/workspaces/raycloudtools/raylib/extraction/raytrunks.cpp:6[m[K:
In constructor '[01m[Kconstexpr std::pair<_T1, _T2>::[01;32m[Kpair[m[K(_U1&&, _U2&&) [35m[K[with _U1 = Eigen::Matrix<double, 3, 1>&; _U2 = double&; typename std::enable_if<(std::_PCC<true, _T1, _T2>::_MoveConstructiblePair<_U1, _U2>() && std::_PCC<true, _T1, _T2>::_ImplicitlyMoveConvertiblePair<_U1, _U2>()), bool>::type <anonymous> = true; _T1 = Eigen::Matrix<double, 3, 1>; _T2 = double][m[K[m[K',
    inlined from '[01m[Kstatic std::vector<std::pair<Eigen::Matrix<double, 3, 1>, double> > ray::Trunks::[01;32m[Kload[m[K(const std::string&)[m[K' at [01m[K/workspaces/raycloudtools/raylib/extraction/raytrunks.cpp:771:29[m[K:
[01m[K/usr/include/c++/13/bits/stl_pair.h:688:42:[m[K [01;35m[Kwarning: [m[K'[01m[Kradius[m[K' may be used uninitialized [[01;35m[K-Wmaybe-uninitialized[m[K]
  688 |         : first(std::forward<_U1>(__x)), [01;35m[Ksecond(std::forward<_U2>(__y))[m[K
      |                                          [01;35m[K^~~~~~~~~~~~~~~~~~~~~~~~~~~~~~[m[K
[01m[K/workspaces/raycloudtools/raylib/extraction/raytrunks.cpp:[m[K In static member function '[01m[Kstatic std::vector<std::pair<Eigen::Matrix<double, 3, 1>, double> > ray::Trunks::[01;32m[Kload[m[K(const std::string&)[m[K':
[01m[K/workspaces/raycloudtools/raylib/extraction/raytrunks.cpp:749:12:[m[K [01;36m[Knote: [m[K'[01m[Kradius[m[K' was declared here
  749 |     double [01;36m[Kradius[m[K;
      |            [01;36m[K^~~~~~[m[K
[01m[K/workspaces/raycloudtools/raylib/extraction/raytrees.cpp:[m[K In member function '[01m[Kvoid ray::Trees::[01;32m[KsegmentCloud[m[K(ray::Cloud&, std::vector<int>&, const std::vector<int>&)[m[K':
[01m[K/workspaces/raycloudtools/raylib/extraction/raytrees.cpp:1265:58:[m[K [01;35m[Kwarning: [m[Kunused parameter '[01m[Kroot_segs[m[K' [[01;35m[K-Wunused-parameter[m[K]
 1265 | void Trees::segmentCloud(Cloud &cloud, [01;35m[Kstd::vector<int> &root_segs[m[K, const std::vector<int> &section_ids)
      |                                        [01;35m[K~~~~~~~~~~~~~~~~~~^~~~~~~~~[m[K
In file included from [01m[K/usr/include/eigen3/Eigen/src/Core/util/ConfigureVectorization.h:346[m[K,
                 from [01m[K/usr/include/eigen3/Eigen/Core:22[m[K,
                 from [01m[K/usr/include/eigen3/Eigen/Dense:1[m[K,
                 from [01m[K/workspaces/raycloudtools/raylib/rayutils.h:12[m[K,
                 from [01m[K/workspaces/raycloudtools/raylib/raycuboid.h:10[m[K,
                 from [01m[K/workspaces/raycloudtools/raylib/extraction/../raycloud.h:19[m[K,
                 from [01m[K/workspaces/raycloudtools/raylib/extraction/raytrees.h:9[m[K,
                 from [01m[K/workspaces/raycloudtools/raylib/extraction/raytrees.cpp:6[m[K:
In function '[01m[Kvoid[01;32m[K _mm_storeu_pd[m[K(double*, __m128d)[m[K',
    inlined from '[01m[Kvoid Eigen::internal::[01;32m[Kpstoreu[m[K(Scalar*, const Packet&) [35m[K[with Scalar = double; Packet = __vector(2) double][m[K[m[K' at [01m[K/usr/include/eigen3/Eigen/src/Core/arch/SSE/PacketMath.h:794:130[m[K,
    inlined from '[01m[Kvoid Eigen::internal::[01;32m[Kpstoret[m[K(Scalar*, const Packet&) [35m[K[with Scalar = double; Packet = __vector(2) double; int Alignment = 0][m[K[m[K' at [01m[K/usr/include/eigen3/Eigen/src/Core/GenericPacketMath.h:980:12[m[K,
    inlined from '[01m[Kvoid Eigen::internal::assign_op<DstScalar, SrcScalar>::[01;32m[KassignPacket[m[K(DstScalar*, const Packet&) const [35m[K[with int Alignment = 0; Packet = __vector(2) double; DstScalar = double; SrcScalar = double][m[K[m[K' at [01m[K/usr/include/eigen3/Eigen/src/Core/functors/AssignmentFunctors.h:28:50[m[K,
    inlined from '[01m[Kvoid Eigen::internal::generic_dense_assignment_kernel<DstEvaluatorTypeT, SrcEvaluatorTypeT, Functor, Version>::[01;32m[KassignPacket[m[K(Eigen::Index, Eigen::Index) [35m[K[with int StoreMode = 0; int LoadMode = 0; PacketType = __vector(2) double; DstEvaluatorTypeT = Eigen::internal::evaluator<Eigen::Matrix<double, 3, 1> >; SrcEvaluatorTypeT = Eigen::internal::evaluator<Eigen::Matrix<double, 3, 1> >; Functor = Eigen::internal::assign_op<double, double>; int Version = 0][m[K[m[K' at [01m[K/usr/include/eigen3/Eigen/src/Core/AssignEvaluator.h:675:47[m[K,
    inlined from '[01m[Kvoid Eigen::internal::generic_dense_assignment_kernel<DstEvaluatorTypeT, SrcEvaluatorTypeT, Functor, Version>::[01;32m[KassignPacketByOuterInner[m[K(Eigen::Index, Eigen::Index) [35m[K[with int StoreMode = 0; int LoadMode = 0; PacketType = __vector(2) double; DstEvaluatorTypeT = Eigen::internal::evaluator<Eigen::Matrix<double, 3, 1> >; SrcEvaluatorTypeT = Eigen::internal::evaluator<Eigen::Matrix<double, 3, 1> >; Functor = Eigen::internal::assign_op<double, double>; int Version = 0][m[K[m[K' at [01m[K/usr/include/eigen3/Eigen/src/Core/AssignEvaluator.h:689:48[m[K,
    inlined from '[01m[Kstatic void Eigen::internal::copy_using_evaluator_innervec_CompleteUnrolling<Kernel, Index, Stop>::[01;32m[Krun[m[K(Kernel&) [35m[K[with Kernel = Eigen::internal::generic_dense_assignment_kernel<Eigen::internal::evaluator<Eigen::Matrix<double, 3, 1> >, Eigen::internal::evaluator<Eigen::Matrix<double, 3, 1> >, Eigen::internal::assign_op<double, double>, 0>; int Index = 0; int Stop = 2][m[K[m[K' at [01m[K/usr/include/eigen3/Eigen/src/Core/AssignEvaluator.h:279:85[m[K,
    inlined from '[01m[Kstatic void Eigen::internal::dense_assignment_loop<Kernel, 3, 2>::[01;32m[Krun[m[K(Kernel&) [35m[K[with Kernel = Eigen::internal::generic_dense_assignment_kernel<Eigen::internal::evaluator<Eigen::Matrix<double, 3, 1> >, Eigen::internal::evaluator<Eigen::Matrix<double, 3, 1> >, Eigen::internal::assign_op<double, double>, 0>][m[K[m[K' at [01m[K/usr/include/eigen3/Eigen/src/Core/AssignEvaluator.h:455:81[m[K,
    inlined from '[01m[Kvoid Eigen::internal::[01;32m[Kcall_dense_assignment_loop[m[K(DstXprType&, const SrcXprType&, const Functor&) [35m[K[with DstXprType = Eigen::Matrix<double, 3, 1>; SrcXprType = Eigen::Matrix<double, 3, 1>; Functor = assign_op<double, double>][m[K[m[K' at [01m[K/usr/include/eigen3/Eigen/src/Core/AssignEvaluator.h:785:37[m[K,
    inlined from '[01m[Kstatic void Eigen::internal::Assignment<DstXprType, SrcXprType, Functor, Eigen::internal::Dense2Dense, Weak>::[01;32m[Krun[m[K(DstXprType&, const SrcXprType&, const Functor&) [35m[K[with DstXprType = Eigen::Matrix<double, 3, 1>; SrcXprType = Eigen::Matrix<double, 3, 1>; Functor = Eigen::internal::assign_op<double, double>; Weak = void][m[K[m[K' at [01m[K/usr/include/eigen3/Eigen/src/Core/AssignEvaluator.h:954:31[m[K,
    inlined from '[01m[Kvoid Eigen::internal::[01;32m[Kcall_assignment_no_alias[m[K(Dst&, const Src&, const Func&) [35m[K[with Dst = Eigen::Matrix<double, 3, 1>; Src = Eigen::Matrix<double, 3, 1>; Func = assign_op<double, double>][m[K[m[K' at [01m[K/usr/include/eigen3/Eigen/src/Core/AssignEvaluator.h:890:49[m[K,
    inlined from '[01m[Kvoid Eigen::internal::[01;32m[Kcall_assignment[m[K(Dst&, const Src&, const Func&, typename enable_if<(! evaluator_assume_aliasing<Src>::value), void*>::type) [35m[K[with Dst = Eigen::Matrix<double, 3, 1>; Src = Eigen::Matrix<double, 3, 1>; Func = assign_op<double, double>][m[K[m[K' at [01m[K/usr/include/eigen3/Eigen/src/Core/AssignEvaluator.h:858:27[m[K,
    inlined from '[01m[Kvoid Eigen::internal::[01;32m[Kcall_assignment[m[K(Dst&, const Src&) [35m[K[with Dst = Eigen::Matrix<double, 3, 1>; Src = Eigen::Matrix<double, 3, 1>][m[K[m[K' at [01m[K/usr/include/eigen3/Eigen/src/Core/AssignEvaluator.h:836:18[m[K,
    inlined from '[01m[KDerived& Eigen::PlainObjectBase<Derived>::[01;32m[K_set[m[K(const Eigen::DenseBase<OtherDerived>&) [35m[K[with OtherDerived = Eigen::Matrix<double, 3, 1>; Derived = Eigen::Matrix<double, 3, 1>][m[K[m[K' at [01m[K/usr/include/eigen3/Eigen/src/Core/PlainObjectBase.h:779:32[m[K,
    inlined from '[01m[KEigen::Matrix<_Scalar, _Rows, _Cols, _Options, _MaxRows, _MaxCols>& Eigen::Matrix<_Scalar, _Rows, _Cols, _Options, _MaxRows, _MaxCols>::[01;32m[Koperator=[m[K(const Eigen::Matrix<_Scalar, _Rows, _Cols, _Options, _MaxRows, _MaxCols>&) [35m[K[with _Scalar = double; int _Rows = 3; int _Cols = 1; int _Options = 0; int _MaxRows = 3; int _MaxCols = 1][m[K[m[K' at [01m[K/usr/include/eigen3/Eigen/src/Core/Matrix.h:208:24[m[K,
    inlined from '[01m[Kray::Trees::[01;32m[KTrees[m[K(ray::Cloud&, const std::string&, const Eigen::Vector3d&, const ray::Mesh&, const ray::TreesParams&, bool)[m[K' at [01m[K/workspaces/raycloudtools/raylib/extraction/raytrees.cpp:218:27[m[K:
[01m[K/usr/lib/gcc/x86_64-linux-gnu/13/include/emmintrin.h:176:21:[m[K [01;35m[Kwarning: [m[K'[01m[K*(__m128d_u*)((char*)&best_tip + offsetof(Eigen::Vector3d, Eigen::Matrix<double, 3, 1, 0, 3, 1>::<unnamed>.Eigen::PlainObjectBase<Eigen::Matrix<double, 3, 1, 0, 3, 1> >::m_storage.Eigen::DenseStorage<double, 3, 3, 1, 0>::m_data.Eigen::internal::plain_array<double, 3, 0, 0>::array[0]))[m[K' may be used uninitialized [[01;35m[K-Wmaybe-uninitialized[m[K]
  176 |   [01;35m[K*(__m128d_u *)__P = __A[m[K;
      |   [01;35m[K~~~~~~~~~~~~~~~~~~^~~~~[m[K
[01m[K/workspaces/raycloudtools/raylib/extraction/raytrees.cpp:[m[K In constructor '[01m[Kray::Trees::[01;32m[KTrees[m[K(ray::Cloud&, const std::string&, const Eigen::Vector3d&, const ray::Mesh&, const ray::TreesParams&, bool)[m[K':
[01m[K/workspaces/raycloudtools/raylib/extraction/raytrees.cpp:173:21:[m[K [01;36m[Knote: [m[K'[01m[K*(__m128d_u*)((char*)&best_tip + offsetof(Eigen::Vector3d, Eigen::Matrix<double, 3, 1, 0, 3, 1>::<unnamed>.Eigen::PlainObjectBase<Eigen::Matrix<double, 3, 1, 0, 3, 1> >::m_storage.Eigen::DenseStorage<double, 3, 3, 1, 0>::m_data.Eigen::internal::plain_array<double, 3, 0, 0>::array[0]))[m[K' was declared here
  173 |     Eigen::Vector3d [01;36m[Kbest_tip[m[K;
      |                     [01;36m[K^~~~~~~~[m[K
In file included from [01m[K/usr/include/eigen3/Eigen/Core:257[m[K:
In member function '[01m[Kvoid Eigen::internal::assign_op<DstScalar, SrcScalar>::[01;32m[KassignCoeff[m[K(DstScalar&, const SrcScalar&) const [35m[K[with DstScalar = double; SrcScalar = double][m[K[m[K',
    inlined from '[01m[Kvoid Eigen::internal::generic_dense_assignment_kernel<DstEvaluatorTypeT, SrcEvaluatorTypeT, Functor, Version>::[01;32m[KassignCoeff[m[K(Eigen::Index, Eigen::Index) [35m[K[with DstEvaluatorTypeT = Eigen::internal::evaluator<Eigen::Matrix<double, 3, 1> >; SrcEvaluatorTypeT = Eigen::internal::evaluator<Eigen::Matrix<double, 3, 1> >; Functor = Eigen::internal::assign_op<double, double>; int Version = 0][m[K[m[K' at [01m[K/usr/include/eigen3/Eigen/src/Core/AssignEvaluator.h:654:26[m[K,
    inlined from '[01m[Kvoid Eigen::internal::generic_dense_assignment_kernel<DstEvaluatorTypeT, SrcEvaluatorTypeT, Functor, Version>::[01;32m[KassignCoeffByOuterInner[m[K(Eigen::Index, Eigen::Index) [35m[K[with DstEvaluatorTypeT = Eigen::internal::evaluator<Eigen::Matrix<double, 3, 1> >; SrcEvaluatorTypeT = Eigen::internal::evaluator<Eigen::Matrix<double, 3, 1> >; Functor = Eigen::internal::assign_op<double, double>; int Version = 0][m[K[m[K' at [01m[K/usr/include/eigen3/Eigen/src/Core/AssignEvaluator.h:668:16[m[K,
    inlined from '[01m[Kstatic void Eigen::internal::copy_using_evaluator_DefaultTraversal_CompleteUnrolling<Kernel, Index, Stop>::[01;32m[Krun[m[K(Kernel&) [35m[K[with Kernel = Eigen::internal::generic_dense_assignment_kernel<Eigen::internal::evaluator<Eigen::Matrix<double, 3, 1> >, Eigen::internal::evaluator<Eigen::Matrix<double, 3, 1> >, Eigen::internal::assign_op<double, double>, 0>; int Index = 2; int Stop = 3][m[K[m[K' at [01m[K/usr/include/eigen3/Eigen/src/Core/AssignEvaluator.h:211:35[m[K,
    inlined from '[01m[Kstatic void Eigen::internal::dense_assignment_loop<Kernel, 3, 2>::[01;32m[Krun[m[K(Kernel&) [35m[K[with Kernel = Eigen::internal::generic_dense_assignment_kernel<Eigen::internal::evaluator<Eigen::Matrix<double, 3, 1> >, Eigen::internal::evaluator<Eigen::Matrix<double, 3, 1> >, Eigen::internal::assign_op<double, double>, 0>][m[K[m[K' at [01m[K/usr/include/eigen3/Eigen/src/Core/AssignEvaluator.h:456:92[m[K,
    inlined from '[01m[Kvoid Eigen::internal::[01;32m[Kcall_dense_assignment_loop[m[K(DstXprType&, const SrcXprType&, const Functor&) [35m[K[with DstXprType = Eigen::Matrix<double, 3, 1>; SrcXprType = Eigen::Matrix<double, 3, 1>; Functor = assign_op<double, double>][m[K[m[K' at [01m[K/usr/include/eigen3/Eigen/src/Core/AssignEvaluator.h:785:37[m[K,
    inlined from '[01m[Kstatic void Eigen::internal::Assignment<DstXprType, SrcXprType, Functor, Eigen::internal::Dense2Dense, Weak>::[01;32m[Krun[m[K(DstXprType&, const SrcXprType&, const Functor&) [35m[K[with DstXprType = Eigen::Matrix<double, 3, 1>; SrcXprType = Eigen::Matrix<double, 3, 1>; Functor = Eigen::internal::assign_op<double, double>; Weak = void][m[K[m[K' at [01m[K/usr/include/eigen3/Eigen/src/Core/AssignEvaluator.h:954:31[m[K,
    inlined from '[01m[Kvoid Eigen::internal::[01;32m[Kcall_assignment_no_alias[m[K(Dst&, const Src&, const Func&) [35m[K[with Dst = Eigen::Matrix<double, 3, 1>; Src = Eigen::Matrix<double, 3, 1>; Func = assign_op<double, double>][m[K[m[K' at [01m[K/usr/include/eigen3/Eigen/src/Core/AssignEvaluator.h:890:49[m[K,
    inlined from '[01m[Kvoid Eigen::internal::[01;32m[Kcall_assignment[m[K(Dst&, const Src&, const Func&, typename enable_if<(! evaluator_assume_aliasing<Src>::value), void*>::type) [35m[K[with Dst = Eigen::Matrix<double, 3, 1>; Src = Eigen::Matrix<double, 3, 1>; Func = assign_op<double, double>][m[K[m[K' at [01m[K/usr/include/eigen3/Eigen/src/Core/AssignEvaluator.h:858:27[m[K,
    inlined from '[01m[Kvoid Eigen::internal::[01;32m[Kcall_assignment[m[K(Dst&, const Src&) [35m[K[with Dst = Eigen::Matrix<double, 3, 1>; Src = Eigen::Matrix<double, 3, 1>][m[K[m[K' at [01m[K/usr/include/eigen3/Eigen/src/Core/AssignEvaluator.h:836:18[m[K,
    inlined from '[01m[KDerived& Eigen::PlainObjectBase<Derived>::[01;32m[K_set[m[K(const Eigen::DenseBase<OtherDerived>&) [35m[K[with OtherDerived = Eigen::Matrix<double, 3, 1>; Derived = Eigen::Matrix<double, 3, 1>][m[K[m[K' at [01m[K/usr/include/eigen3/Eigen/src/Core/PlainObjectBase.h:779:32[m[K,
    inlined from '[01m[KEigen::Matrix<_Scalar, _Rows, _Cols, _Options, _MaxRows, _MaxCols>& Eigen::Matrix<_Scalar, _Rows, _Cols, _Options, _MaxRows, _MaxCols>::[01;32m[Koperator=[m[K(const Eigen::Matrix<_Scalar, _Rows, _Cols, _Options, _MaxRows, _MaxCols>&) [35m[K[with _Scalar = double; int _Rows = 3; int _Cols = 1; int _Options = 0; int _MaxRows = 3; int _MaxCols = 1][m[K[m[K' at [01m[K/usr/include/eigen3/Eigen/src/Core/Matrix.h:208:24[m[K,
    inlined from '[01m[Kray::Trees::[01;32m[KTrees[m[K(ray::Cloud&, const std::string&, const Eigen::Vector3d&, const ray::Mesh&, const ray::TreesParams&, bool)[m[K' at [01m[K/workspaces/raycloudtools/raylib/extraction/raytrees.cpp:218:27[m[K:
[01m[K/usr/include/eigen3/Eigen/src/Core/functors/AssignmentFunctors.h:24:102:[m[K [01;35m[Kwarning: [m[K'[01m[Kbest_tip.Eigen::Matrix<double, 3, 1, 0, 3, 1>::<unnamed>.Eigen::PlainObjectBase<Eigen::Matrix<double, 3, 1, 0, 3, 1> >::m_storage.Eigen::DenseStorage<double, 3, 3, 1, 0>::m_data.Eigen::internal::plain_array<double, 3, 0, 0>::array[2][m[K' may be used uninitialized [[01;35m[K-Wmaybe-uninitialized[m[K]
   24 |   EIGEN_DEVICE_FUNC EIGEN_STRONG_INLINE void assignCoeff(DstScalar& a, const SrcScalar& b) const { [01;35m[Ka = b[m[K; }
      |                                                                                                    [01;35m[K~~^~~[m[K
[01m[K/workspaces/raycloudtools/raylib/extraction/raytrees.cpp:[m[K In constructor '[01m[Kray::Trees::[01;32m[KTrees[m[K(ray::Cloud&, const std::string&, const Eigen::Vector3d&, const ray::Mesh&, const ray::TreesParams&, bool)[m[K':
[01m[K/workspaces/raycloudtools/raylib/extraction/raytrees.cpp:173:21:[m[K [01;36m[Knote: [m[K'[01m[Kbest_tip.Eigen::Matrix<double, 3, 1, 0, 3, 1>::<unnamed>.Eigen::PlainObjectBase<Eigen::Matrix<double, 3, 1, 0, 3, 1> >::m_storage.Eigen::DenseStorage<double, 3, 3, 1, 0>::m_data.Eigen::internal::plain_array<double, 3, 0, 0>::array[2][m[K' was declared here
  173 |     Eigen::Vector3d [01;36m[Kbest_tip[m[K;
      |                     [01;36m[K^~~~~~~~[m[K
[ 51%] Linking CXX shared library libraylib.so
[ 51%] Built target raylib
[ 59%] Building CXX object raycloudtools/rayinfo/CMakeFiles/rayinfo.dir/rayinfo.cpp.o
[ 59%] Building CXX object raycloudtools/raytranslate/CMakeFiles/raytranslate.dir/raytranslate.cpp.o
[ 59%] Building CXX object raycloudtools/rayrotate/CMakeFiles/rayrotate.dir/rayrotate.cpp.o
[ 59%] Building CXX object raycloudtools/rayrender/CMakeFiles/rayrender.dir/rayrender.cpp.o
[ 59%] Building CXX object raycloudtools/raysmooth/CMakeFiles/raysmooth.dir/raysmooth.cpp.o
[ 59%] Building CXX object raycloudtools/raydenoise/CMakeFiles/raydenoise.dir/raydenoise.cpp.o
[ 61%] Building CXX object raycloudtools/rayalign/CMakeFiles/rayalign.dir/rayalign.cpp.o
[ 61%] Building CXX object raycloudtools/raywrap/CMakeFiles/raywrap.dir/raywrap.cpp.o
[ 62%] Building CXX object raycloudtools/raycreate/CMakeFiles/raycreate.dir/raycreate.cpp.o
[ 64%] Building CXX object raycloudtools/raytransients/CMakeFiles/raytransients.dir/raytransients.cpp.o
[ 65%] Building CXX object tests/raytest/CMakeFiles/raytest.dir/raytests.cpp.o
[ 66%] Building CXX object tests/raytest/CMakeFiles/raytest.dir/testmain.cpp.o
[ 69%] Building CXX object raycloudtools/raydecimate/CMakeFiles/raydecimate.dir/raydecimate.cpp.o
[ 70%] Building CXX object raycloudtools/raysplit/CMakeFiles/raysplit.dir/raysplit.cpp.o
[ 71%] Building CXX object raycloudtools/rayimport/CMakeFiles/rayimport.dir/rayimport.cpp.o
[ 74%] Building CXX object raycloudtools/rayrestore/CMakeFiles/rayrestore.dir/rayrestore.cpp.o
[ 74%] Building CXX object raycloudtools/rayexport/CMakeFiles/rayexport.dir/rayexport.cpp.o
[ 74%] Building CXX object raycloudtools/raycolour/CMakeFiles/raycolour.dir/raycolour.cpp.o
[ 75%] Building CXX object raycloudtools/raycombine/CMakeFiles/raycombine.dir/raycombine.cpp.o
[ 76%] Building CXX object raycloudtools/rayextract/CMakeFiles/rayextract.dir/rayextract.cpp.o
[ 77%] Linking CXX executable ../../bin/raytranslate
[ 79%] Linking CXX executable ../../bin/rayrotate
[ 80%] Linking CXX executable ../../bin/raysmooth
[ 81%] Linking CXX executable ../../bin/rayinfo
[ 82%] Linking CXX executable ../../bin/rayrender
[ 83%] Linking CXX executable ../../bin/raywrap
[ 85%] Linking CXX executable ../../bin/raytransients
[ 85%] Built target raytranslate
[ 86%] Linking CXX executable ../../bin/rayalign
[ 86%] Built target rayrotate
[ 86%] Built target raysmooth
[ 87%] Linking CXX executable ../../bin/raycreate
[ 88%] Linking CXX executable ../../bin/raydenoise
[ 88%] Built target rayinfo
[ 88%] Built target rayrender
[ 88%] Built target raywrap
[ 88%] Built target raytransients
[ 88%] Built target rayalign
[ 88%] Built target raycreate
[ 88%] Built target raydenoise
[01m[K/workspaces/raycloudtools/raycloudtools/rayextract/rayextract.cpp:141:74:[m[K [01;35m[Kwarning: [m[Kmulti-character character constant [[01;35m[K-Wmultichar[m[K]
  141 |     alpha_weighted("alpha_weighting", 'p'), write_netcdf("write_netcdf", [01;35m[K'wn'[m[K), largest_diameter("largest_diameter", 'l'),
      |                                                                          [01;35m[K^~~~[m[K
[01m[K/workspaces/raycloudtools/raycloudtools/rayextract/rayextract.cpp:148:58:[m[K [01;35m[Kwarning: [m[Kmulti-character character constant [[01;35m[K-Wmultichar[m[K]
  148 |   ray::OptionalFlagArgument verify_paths("verify_paths", [01;35m[K'vp'[m[K);
      |                                                          [01;35m[K^~~~[m[K
[01m[K/workspaces/raycloudtools/raycloudtools/rayextract/rayextract.cpp:149:56:[m[K [01;35m[Kwarning: [m[Kmulti-character character constant [[01;35m[K-Wmultichar[m[K]
  149 |   ray::OptionalFlagArgument debug_paths("debug_paths", [01;35m[K'dp'[m[K);
      |                                                        [01;35m[K^~~~[m[K
[01m[K/workspaces/raycloudtools/raycloudtools/rayextract/rayextract.cpp:150:54:[m[K [01;35m[Kwarning: [m[Kmulti-character character constant [[01;35m[K-Wmultichar[m[K]
  150 |   ray::OptionalFlagArgument root_debug("root_debug", [01;35m[K'rd'[m[K);
      |                                                      [01;35m[K^~~~[m[K
[01m[K/workspaces/raycloudtools/raycloudtools/rayextract/rayextract.cpp:184:69:[m[K [01;35m[Kwarning: [m[Kmulti-character character constant [[01;35m[K-Wmultichar[m[K]
  184 |   ray::OptionalKeyValueArgument leaf_density_option("leaf_density", [01;35m[K'ld'[m[K, &leaf_density);
      |                                                                     [01;35m[K^~~~[m[K
[01m[K/workspaces/raycloudtools/raycloudtools/rayextract/rayextract.cpp:185:65:[m[K [01;35m[Kwarning: [m[Kmulti-character character constant [[01;35m[K-Wmultichar[m[K]
  185 |   ray::OptionalKeyValueArgument leaf_angle_option("leaf_angle", [01;35m[K'la'[m[K, &leaf_angle);
      |                                                                 [01;35m[K^~~~[m[K
[01m[K/workspaces/raycloudtools/raycloudtools/rayextract/rayextract.cpp:186:65:[m[K [01;35m[Kwarning: [m[Kmulti-character character constant [[01;35m[K-Wmultichar[m[K]
  186 |   ray::OptionalKeyValueArgument voxel_size_option("voxel_size", [01;35m[K'vs'[m[K, &voxel_size);
      |                                                                 [01;35m[K^~~~[m[K
[01m[K/workspaces/raycloudtools/raycloudtools/rayextract/rayextract.cpp:187:75:[m[K [01;35m[Kwarning: [m[Kmulti-character character constant [[01;35m[K-Wmultichar[m[K]
  187 |   ray::OptionalKeyValueArgument grid_bounds_min_option("grid_bounds_min", [01;35m[K'bmin'[m[K, &grid_bounds_min);
      |                                                                           [01;35m[K^~~~~~[m[K
[01m[K/workspaces/raycloudtools/raycloudtools/rayextract/rayextract.cpp:188:75:[m[K [01;35m[Kwarning: [m[Kmulti-character character constant [[01;35m[K-Wmultichar[m[K]
  188 |   ray::OptionalKeyValueArgument grid_bounds_max_option("grid_bounds_max", [01;35m[K'bmax'[m[K, &grid_bounds_max);
      |                                                                           [01;35m[K^~~~~~[m[K
In file included from [01m[K/workspaces/raycloudtools/raycloudtools/raycolour/raycolour.cpp:11[m[K:
[01m[K/workspaces/raycloudtools/raylib/imageread.h:[m[K In function '[01m[Kvoid[01;32m[K stbi__jpeg_dequantize[m[K(short int*, stbi__uint16*)[m[K':
[01m[K/workspaces/raycloudtools/raylib/imageread.h:3043:15:[m[K [01;35m[Kwarning: [m[Kconversion from '[01m[Kint[m[K' to '[01m[Kshort int[m[K' may change value [[01;35m[K-Wconversion[m[K]
 3043 |       [01;35m[Kdata[i] *= dequant[i][m[K;
      |       [01;35m[K~~~~~~~~^~~~~~~~~~~~~[m[K
[01m[K/workspaces/raycloudtools/raylib/imageread.h:[m[K In function '[01m[Kvoid[01;32m[K stbi__de_iphone[m[K(stbi__png*)[m[K':
[01m[K/workspaces/raycloudtools/raylib/imageread.h:5000:43:[m[K [01;35m[Kwarning: [m[Kconversion from '[01m[Kint[m[K' to '[01m[Kstbi_uc[m[K' {aka '[01m[Kunsigned char[m[K'} may change value [[01;35m[K-Wconversion[m[K]
 5000 |                p[0] = [01;35m[K(p[2] * 255 + half) / a[m[K;
      |                       [01;35m[K~~~~~~~~~~~~~~~~~~~~^~~[m[K
[01m[K/workspaces/raycloudtools/raylib/imageread.h:5001:43:[m[K [01;35m[Kwarning: [m[Kconversion from '[01m[Kint[m[K' to '[01m[Kstbi_uc[m[K' {aka '[01m[Kunsigned char[m[K'} may change value [[01;35m[K-Wconversion[m[K]
 5001 |                p[1] = [01;35m[K(p[1] * 255 + half) / a[m[K;
      |                       [01;35m[K~~~~~~~~~~~~~~~~~~~~^~~[m[K
[01m[K/workspaces/raycloudtools/raylib/imageread.h:5002:43:[m[K [01;35m[Kwarning: [m[Kconversion from '[01m[Kint[m[K' to '[01m[Kstbi_uc[m[K' {aka '[01m[Kunsigned char[m[K'} may change value [[01;35m[K-Wconversion[m[K]
 5002 |                p[2] = [01;35m[K( t   * 255 + half) / a[m[K;
      |                       [01;35m[K~~~~~~~~~~~~~~~~~~~~^~~[m[K
[01m[K/workspaces/raycloudtools/raylib/imageread.h:[m[K In function '[01m[Kvoid[01;32m[K stbi__hdr_convert[m[K(float*, stbi_uc*, int)[m[K':
[01m[K/workspaces/raycloudtools/raylib/imageread.h:7060:43:[m[K [01;35m[Kwarning: [m[Kconversion from '[01m[Kint[m[K' to '[01m[Kfloat[m[K' may change value [[01;35m[K-Wconversion[m[K]
 7060 |          output[0] = [01;35m[K(input[0] + input[1] + input[2])[m[K * f1 / 3;
      |                      [01;35m[K~~~~~~~~~~~~~~~~~~~~~^~~~~~~~~~~[m[K
[01m[K/workspaces/raycloudtools/raycloudtools/rayextract/rayextract.cpp:[m[K In function '[01m[Kint[01;32m[K rayExtract[m[K(int, char**)[m[K':
[01m[K/workspaces/raycloudtools/raycloudtools/rayextract/rayextract.cpp:141:74:[m[K [01;35m[Kwarning: [m[Koverflow in conversion from '[01m[Kint[m[K' to '[01m[Kchar[m[K' changes value from '[01m[K30574[m[K' to '[01m[K110[m[K' [[01;35m[K-Woverflow[m[K]
  141 |     alpha_weighted("alpha_weighting", 'p'), write_netcdf("write_netcdf", [01;35m[K'wn'[m[K), largest_diameter("largest_diameter", 'l'),
      |                                                                          [01;35m[K^~~~[m[K
[01m[K/workspaces/raycloudtools/raycloudtools/rayextract/rayextract.cpp:148:58:[m[K [01;35m[Kwarning: [m[Koverflow in conversion from '[01m[Kint[m[K' to '[01m[Kchar[m[K' changes value from '[01m[K30320[m[K' to '[01m[K112[m[K' [[01;35m[K-Woverflow[m[K]
  148 |   ray::OptionalFlagArgument verify_paths("verify_paths", [01;35m[K'vp'[m[K);
      |                                                          [01;35m[K^~~~[m[K
[01m[K/workspaces/raycloudtools/raycloudtools/rayextract/rayextract.cpp:149:56:[m[K [01;35m[Kwarning: [m[Koverflow in conversion from '[01m[Kint[m[K' to '[01m[Kchar[m[K' changes value from '[01m[K25712[m[K' to '[01m[K112[m[K' [[01;35m[K-Woverflow[m[K]
  149 |   ray::OptionalFlagArgument debug_paths("debug_paths", [01;35m[K'dp'[m[K);
      |                                                        [01;35m[K^~~~[m[K
[01m[K/workspaces/raycloudtools/raycloudtools/rayextract/rayextract.cpp:150:54:[m[K [01;35m[Kwarning: [m[Koverflow in conversion from '[01m[Kint[m[K' to '[01m[Kchar[m[K' changes value from '[01m[K29284[m[K' to '[01m[K100[m[K' [[01;35m[K-Woverflow[m[K]
  150 |   ray::OptionalFlagArgument root_debug("root_debug", [01;35m[K'rd'[m[K);
      |                                                      [01;35m[K^~~~[m[K
[01m[K/workspaces/raycloudtools/raycloudtools/rayextract/rayextract.cpp:184:69:[m[K [01;35m[Kwarning: [m[Koverflow in conversion from '[01m[Kint[m[K' to '[01m[Kchar[m[K' changes value from '[01m[K27748[m[K' to '[01m[K100[m[K' [[01;35m[K-Woverflow[m[K]
  184 |   ray::OptionalKeyValueArgument leaf_density_option("leaf_density", [01;35m[K'ld'[m[K, &leaf_density);
      |                                                                     [01;35m[K^~~~[m[K
[01m[K/workspaces/raycloudtools/raycloudtools/rayextract/rayextract.cpp:185:65:[m[K [01;35m[Kwarning: [m[Koverflow in conversion from '[01m[Kint[m[K' to '[01m[Kchar[m[K' changes value from '[01m[K27745[m[K' to '[01m[K97[m[K' [[01;35m[K-Woverflow[m[K]
  185 |   ray::OptionalKeyValueArgument leaf_angle_option("leaf_angle", [01;35m[K'la'[m[K, &leaf_angle);
      |                                                                 [01;35m[K^~~~[m[K
[01m[K/workspaces/raycloudtools/raycloudtools/rayextract/rayextract.cpp:186:65:[m[K [01;35m[Kwarning: [m[Koverflow in conversion from '[01m[Kint[m[K' to '[01m[Kchar[m[K' changes value from '[01m[K30323[m[K' to '[01m[K115[m[K' [[01;35m[K-Woverflow[m[K]
  186 |   ray::OptionalKeyValueArgument voxel_size_option("voxel_size", [01;35m[K'vs'[m[K, &voxel_size);
      |                                                                 [01;35m[K^~~~[m[K
[01m[K/workspaces/raycloudtools/raycloudtools/rayextract/rayextract.cpp:187:75:[m[K [01;35m[Kwarning: [m[Koverflow in conversion from '[01m[Kint[m[K' to '[01m[Kchar[m[K' changes value from '[01m[K1651337582[m[K' to '[01m[K110[m[K' [[01;35m[K-Woverflow[m[K]
  187 |   ray::OptionalKeyValueArgument grid_bounds_min_option("grid_bounds_min", [01;35m[K'bmin'[m[K, &grid_bounds_min);
      |                                                                           [01;35m[K^~~~~~[m[K
[01m[K/workspaces/raycloudtools/raycloudtools/rayextract/rayextract.cpp:188:75:[m[K [01;35m[Kwarning: [m[Koverflow in conversion from '[01m[Kint[m[K' to '[01m[Kchar[m[K' changes value from '[01m[K1651335544[m[K' to '[01m[K120[m[K' [[01;35m[K-Woverflow[m[K]
  188 |   ray::OptionalKeyValueArgument grid_bounds_max_option("grid_bounds_max", [01;35m[K'bmax'[m[K, &grid_bounds_max);
      |                                                                           [01;35m[K^~~~~~[m[K
In file included from [01m[K/workspaces/raycloudtools/raylib/raycuboid.h:10[m[K,
                 from [01m[K/workspaces/raycloudtools/raylib/extraction/../raycloud.h:19[m[K,
                 from [01m[K/workspaces/raycloudtools/raylib/extraction/raysegment.h:9[m[K,
                 from [01m[K/workspaces/raycloudtools/raycloudtools/raycolour/raycolour.cpp:6[m[K:
/workspaces/raycloudtools/raylib/rayutils.h: In instantiation of '[01m[KT ray::[01;32m[Kmedian[m[K(std::vector<T>) [35m[K[with T = unsigned char][m[K[m[K':
[01m[K/workspaces/raycloudtools/raycloudtools/raycolour/raycolour.cpp:308:52:[m[K   required from here
[01m[K/workspaces/raycloudtools/raylib/rayutils.h:166:33:[m[K [01;35m[Kwarning: [m[Kconversion from '[01m[Kint[m[K' to '[01m[Kunsigned char[m[K' may change value [[01;35m[K-Wconversion[m[K]
  166 |     return [01;35m[K(*middle + *middle2) / static_cast<T>(2)[m[K;
      |            [01;35m[K~~~~~~~~~~~~~~~~~~~~~^~~~~~~~~~~~~~~~~~~[m[K
[ 90%] Linking CXX executable ../../bin/raydecimate
[ 91%] Linking CXX executable ../../bin/raytest
[ 92%] Linking CXX executable ../../bin/rayexport
[ 92%] Built target raydecimate
[ 93%] Linking CXX executable ../../bin/rayimport
[ 95%] Linking CXX executable ../../bin/raysplit
[ 96%] Linking CXX executable ../../bin/rayextract
[ 97%] Linking CXX executable ../../bin/raycombine
[ 97%] Built target rayexport
[ 97%] Built target raytest
[ 97%] Built target rayimport
[ 97%] Built target raycombine
[ 97%] Built target raysplit
[ 97%] Built target rayextract
[ 98%] Linking CXX executable ../../bin/raycolour
In file included from [01m[K/usr/include/eigen3/Eigen/src/Core/util/ConfigureVectorization.h:346[m[K,
                 from [01m[K/usr/include/eigen3/Eigen/Core:22[m[K,
                 from [01m[K/usr/include/eigen3/Eigen/Dense:1[m[K,
                 from [01m[K/workspaces/raycloudtools/raylib/rayutils.h:12[m[K,
                 from [01m[K/workspaces/raycloudtools/raylib/raycuboid.h:10[m[K,
                 from [01m[K/workspaces/raycloudtools/raylib/raycloud.h:19[m[K,
                 from [01m[K/workspaces/raycloudtools/raycloudtools/rayrestore/rayrestore.cpp:6[m[K:
In function '[01m[K__m128d[01;32m[K _mm_loadu_pd[m[K(const double*)[m[K',
    inlined from '[01m[KPacket Eigen::internal::[01;32m[Kploadu[m[K(const typename unpacket_traits<T>::type*) [35m[K[with Packet = __vector(2) double][m[K[m[K' at [01m[K/usr/include/eigen3/Eigen/src/Core/arch/SSE/PacketMath.h:746:22[m[K,
    inlined from '[01m[KPacket Eigen::internal::[01;32m[Kploadt[m[K(const typename unpacket_traits<T>::type*) [35m[K[with Packet = __vector(2) double; int Alignment = 0][m[K[m[K' at [01m[K/usr/include/eigen3/Eigen/src/Core/GenericPacketMath.h:969:26[m[K,
    inlined from '[01m[KPacketType Eigen::internal::mapbase_evaluator<Derived, PlainObjectType>::[01;32m[Kpacket[m[K(Eigen::Index, Eigen::Index) const [35m[K[with int LoadMode = 0; PacketType = __vector(2) double; Derived = Eigen::Block<const Eigen::Matrix<double, 3, 3>, 3, 1, true>; PlainObjectType = Eigen::Matrix<double, 3, 1>][m[K[m[K' at [01m[K/usr/include/eigen3/Eigen/src/Core/CoreEvaluators.h:937:50[m[K,
    inlined from '[01m[Kvoid Eigen::internal::generic_dense_assignment_kernel<DstEvaluatorTypeT, SrcEvaluatorTypeT, Functor, Version>::[01;32m[KassignPacket[m[K(Eigen::Index, Eigen::Index) [35m[K[with int StoreMode = 0; int LoadMode = 0; PacketType = __vector(2) double; DstEvaluatorTypeT = Eigen::internal::evaluator<Eigen::Matrix<double, 3, 1> >; SrcEvaluatorTypeT = Eigen::internal::evaluator<Eigen::Block<const Eigen::Matrix<double, 3, 3>, 3, 1, true> >; Functor = Eigen::internal::assign_op<double, double>; int Version = 0][m[K[m[K' at [01m[K/usr/include/eigen3/Eigen/src/Core/AssignEvaluator.h:675:116[m[K,
    inlined from '[01m[Kvoid Eigen::internal::generic_dense_assignment_kernel<DstEvaluatorTypeT, SrcEvaluatorTypeT, Functor, Version>::[01;32m[KassignPacketByOuterInner[m[K(Eigen::Index, Eigen::Index) [35m[K[with int StoreMode = 0; int LoadMode = 0; PacketType = __vector(2) double; DstEvaluatorTypeT = Eigen::internal::evaluator<Eigen::Matrix<double, 3, 1> >; SrcEvaluatorTypeT = Eigen::internal::evaluator<Eigen::Block<const Eigen::Matrix<double, 3, 3>, 3, 1, true> >; Functor = Eigen::internal::assign_op<double, double>; int Version = 0][m[K[m[K' at [01m[K/usr/include/eigen3/Eigen/src/Core/AssignEvaluator.h:689:48[m[K,
    inlined from '[01m[Kstatic void Eigen::internal::copy_using_evaluator_innervec_CompleteUnrolling<Kernel, Index, Stop>::[01;32m[Krun[m[K(Kernel&) [35m[K[with Kernel = Eigen::internal::generic_dense_assignment_kernel<Eigen::internal::evaluator<Eigen::Matrix<double, 3, 1> >, Eigen::internal::evaluator<Eigen::Block<const Eigen::Matrix<double, 3, 3>, 3, 1, true> >, Eigen::internal::assign_op<double, double>, 0>; int Index = 0; int Stop = 2][m[K[m[K' at [01m[K/usr/include/eigen3/Eigen/src/Core/AssignEvaluator.h:279:85[m[K,
    inlined from '[01m[Kstatic void Eigen::internal::dense_assignment_loop<Kernel, 3, 2>::[01;32m[Krun[m[K(Kernel&) [35m[K[with Kernel = Eigen::internal::generic_dense_assignment_kernel<Eigen::internal::evaluator<Eigen::Matrix<double, 3, 1> >, Eigen::internal::evaluator<Eigen::Block<const Eigen::Matrix<double, 3, 3>, 3, 1, true> >, Eigen::internal::assign_op<double, double>, 0>][m[K[m[K' at [01m[K/usr/include/eigen3/Eigen/src/Core/AssignEvaluator.h:455:81[m[K,
    inlined from '[01m[Kvoid Eigen::internal::[01;32m[Kcall_dense_assignment_loop[m[K(DstXprType&, const SrcXprType&, const Functor&) [35m[K[with DstXprType = Eigen::Matrix<double, 3, 1>; SrcXprType = Eigen::Block<const Eigen::Matrix<double, 3, 3>, 3, 1, true>; Functor = assign_op<double, double>][m[K[m[K' at [01m[K/usr/include/eigen3/Eigen/src/Core/AssignEvaluator.h:785:37[m[K,
    inlined from '[01m[Kstatic void Eigen::internal::Assignment<DstXprType, SrcXprType, Functor, Eigen::internal::Dense2Dense, Weak>::[01;32m[Krun[m[K(DstXprType&, const SrcXprType&, const Functor&) [35m[K[with DstXprType = Eigen::Matrix<double, 3, 1>; SrcXprType = Eigen::Block<const Eigen::Matrix<double, 3, 3>, 3, 1, true>; Functor = Eigen::internal::assign_op<double, double>; Weak = void][m[K[m[K' at [01m[K/usr/include/eigen3/Eigen/src/Core/AssignEvaluator.h:954:31[m[K,
    inlined from '[01m[Kvoid Eigen::internal::[01;32m[Kcall_assignment_no_alias[m[K(Dst&, const Src&, const Func&) [35m[K[with Dst = Eigen::Matrix<double, 3, 1>; Src = Eigen::Block<const Eigen::Matrix<double, 3, 3>, 3, 1, true>; Func = assign_op<double, double>][m[K[m[K' at [01m[K/usr/include/eigen3/Eigen/src/Core/AssignEvaluator.h:890:49[m[K,
    inlined from '[01m[KDerived& Eigen::PlainObjectBase<Derived>::[01;32m[K_set_noalias[m[K(const Eigen::DenseBase<OtherDerived>&) [35m[K[with OtherDerived = Eigen::Block<const Eigen::Matrix<double, 3, 3>, 3, 1, true>; Derived = Eigen::Matrix<double, 3, 1>][m[K[m[K' at [01m[K/usr/include/eigen3/Eigen/src/Core/PlainObjectBase.h:797:41[m[K,
    inlined from '[01m[KEigen::PlainObjectBase<Derived>::[01;32m[KPlainObjectBase[m[K(const Eigen::DenseBase<OtherDerived>&) [35m[K[with OtherDerived = Eigen::Block<const Eigen::Matrix<double, 3, 3>, 3, 1, true>; Derived = Eigen::Matrix<double, 3, 1>][m[K[m[K' at [01m[K/usr/include/eigen3/Eigen/src/Core/PlainObjectBase.h:594:19[m[K,
    inlined from '[01m[KEigen::Matrix<_Scalar, _Rows, _Cols, _Options, _MaxRows, _MaxCols>::[01;32m[KMatrix[m[K(const Eigen::EigenBase<OtherDerived>&) [35m[K[with OtherDerived = Eigen::Block<const Eigen::Matrix<double, 3, 3>, 3, 1, true>; _Scalar = double; int _Rows = 3; int _Cols = 1; int _Options = 0; int _MaxRows = 3; int _MaxCols = 1][m[K[m[K' at [01m[K/usr/include/eigen3/Eigen/src/Core/Matrix.h:423:29[m[K,
    inlined from '[01m[KDerived& Eigen::QuaternionBase<Derived>::[01;32m[KsetFromTwoVectors[m[K(const Eigen::MatrixBase<OtherDerived>&, const Eigen::MatrixBase<OtherDerived>&) [35m[K[with Derived1 = Eigen::Matrix<double, 3, 1>; Derived2 = Eigen::Matrix<double, 3, 1>; Derived = Eigen::Quaternion<double>][m[K[m[K' at [01m[K/usr/include/eigen3/Eigen/src/Geometry/Quaternion.h:658:13[m[K:
[01m[K/usr/lib/gcc/x86_64-linux-gnu/13/include/emmintrin.h:134:24:[m[K [01;35m[Kwarning: [m[K'[01m[K*(__m128d_u*)((char*)&svd + offsetof(Eigen::JacobiSVD<Eigen::Matrix<double, 2, 3, 0, 2, 3>, 2>,Eigen::JacobiSVD<Eigen::Matrix<double, 2, 3, 0, 2, 3>, 2>::<unnamed>.Eigen::SVDBase<Eigen::JacobiSVD<Eigen::Matrix<double, 2, 3, 0, 2, 3>, 2> >::m_matrixV.Eigen::Matrix<double, 3, 3, 0, 3, 3>::<unnamed>.Eigen::PlainObjectBase<Eigen::Matrix<double, 3, 3, 0, 3, 3> >::m_storage.Eigen::DenseStorage<double, 9, 3, 3, 0>::m_data.Eigen::internal::plain_array<double, 9, 0, 0>::array[6]))[m[K' may be used uninitialized [[01;35m[K-Wmaybe-uninitialized[m[K]
  134 |   return *(__m128d_u *)[01;35m[K__P[m[K;
      |                        [01;35m[K^~~[m[K
In file included from [01m[K/usr/include/eigen3/Eigen/Geometry:42[m[K,
                 from [01m[K/usr/include/eigen3/Eigen/Dense:6[m[K:
[01m[K/usr/include/eigen3/Eigen/src/Geometry/Quaternion.h:[m[K In function '[01m[KDerived& Eigen::QuaternionBase<Derived>::[01;32m[KsetFromTwoVectors[m[K(const Eigen::MatrixBase<OtherDerived>&, const Eigen::MatrixBase<OtherDerived>&) [35m[K[with Derived1 = Eigen::Matrix<double, 3, 1>; Derived2 = Eigen::Matrix<double, 3, 1>; Derived = Eigen::Quaternion<double>][m[K[m[K':
[01m[K/usr/include/eigen3/Eigen/src/Geometry/Quaternion.h:657:36:[m[K [01;36m[Knote: [m[K'[01m[Ksvd[m[K' declared here
  657 |     JacobiSVD<Matrix<Scalar,2,3> > [01;36m[Ksvd[m[K(m, ComputeFullV);
      |                                    [01;36m[K^~~[m[K
In file included from [01m[K/usr/include/eigen3/Eigen/Core:277[m[K:
In member function '[01m[KEigen::internal::mapbase_evaluator<Derived, PlainObjectType>::CoeffReturnType Eigen::internal::mapbase_evaluator<Derived, PlainObjectType>::[01;32m[Kcoeff[m[K(Eigen::Index, Eigen::Index) const [35m[K[with Derived = Eigen::Block<const Eigen::Matrix<double, 3, 3>, 3, 1, true>; PlainObjectType = Eigen::Matrix<double, 3, 1>][m[K[m[K',
    inlined from '[01m[Kvoid Eigen::internal::generic_dense_assignment_kernel<DstEvaluatorTypeT, SrcEvaluatorTypeT, Functor, Version>::[01;32m[KassignCoeff[m[K(Eigen::Index, Eigen::Index) [35m[K[with DstEvaluatorTypeT = Eigen::internal::evaluator<Eigen::Matrix<double, 3, 1> >; SrcEvaluatorTypeT = Eigen::internal::evaluator<Eigen::Block<const Eigen::Matrix<double, 3, 3>, 3, 1, true> >; Functor = Eigen::internal::assign_op<double, double>; int Version = 0][m[K[m[K' at [01m[K/usr/include/eigen3/Eigen/src/Core/AssignEvaluator.h:654:63[m[K,
    inlined from '[01m[Kvoid Eigen::internal::generic_dense_assignment_kernel<DstEvaluatorTypeT, SrcEvaluatorTypeT, Functor, Version>::[01;32m[KassignCoeffByOuterInner[m[K(Eigen::Index, Eigen::Index) [35m[K[with DstEvaluatorTypeT = Eigen::internal::evaluator<Eigen::Matrix<double, 3, 1> >; SrcEvaluatorTypeT = Eigen::internal::evaluator<Eigen::Block<const Eigen::Matrix<double, 3, 3>, 3, 1, true> >; Functor = Eigen::internal::assign_op<double, double>; int Version = 0][m[K[m[K' at [01m[K/usr/include/eigen3/Eigen/src/Core/AssignEvaluator.h:668:16[m[K,
    inlined from '[01m[Kstatic void Eigen::internal::copy_using_evaluator_DefaultTraversal_CompleteUnrolling<Kernel, Index, Stop>::[01;32m[Krun[m[K(Kernel&) [35m[K[with Kernel = Eigen::internal::generic_dense_assignment_kernel<Eigen::internal::evaluator<Eigen::Matrix<double, 3, 1> >, Eigen::internal::evaluator<Eigen::Block<const Eigen::Matrix<double, 3, 3>, 3, 1, true> >, Eigen::internal::assign_op<double, double>, 0>; int Index = 2; int Stop = 3][m[K[m[K' at [01m[K/usr/include/eigen3/Eigen/src/Core/AssignEvaluator.h:211:35[m[K,
    inlined from '[01m[Kstatic void Eigen::internal::dense_assignment_loop<Kernel, 3, 2>::[01;32m[Krun[m[K(Kernel&) [35m[K[with Kernel = Eigen::internal::generic_dense_assignment_kernel<Eigen::internal::evaluator<Eigen::Matrix<double, 3, 1> >, Eigen::internal::evaluator<Eigen::Block<const Eigen::Matrix<double, 3, 3>, 3, 1, true> >, Eigen::internal::assign_op<double, double>, 0>][m[K[m[K' at [01m[K/usr/include/eigen3/Eigen/src/Core/AssignEvaluator.h:456:92[m[K,
    inlined from '[01m[Kvoid Eigen::internal::[01;32m[Kcall_dense_assignment_loop[m[K(DstXprType&, const SrcXprType&, const Functor&) [35m[K[with DstXprType = Eigen::Matrix<double, 3, 1>; SrcXprType = Eigen::Block<const Eigen::Matrix<double, 3, 3>, 3, 1, true>; Functor = assign_op<double, double>][m[K[m[K' at [01m[K/usr/include/eigen3/Eigen/src/Core/AssignEvaluator.h:785:37[m[K,
    inlined from '[01m[Kstatic void Eigen::internal::Assignment<DstXprType, SrcXprType, Functor, Eigen::internal::Dense2Dense, Weak>::[01;32m[Krun[m[K(DstXprType&, const SrcXprType&, const Functor&) [35m[K[with DstXprType = Eigen::Matrix<double, 3, 1>; SrcXprType = Eigen::Block<const Eigen::Matrix<double, 3, 3>, 3, 1, true>; Functor = Eigen::internal::assign_op<double, double>; Weak = void][m[K[m[K' at [01m[K/usr/include/eigen3/Eigen/src/Core/AssignEvaluator.h:954:31[m[K,
    inlined from '[01m[Kvoid Eigen::internal::[01;32m[Kcall_assignment_no_alias[m[K(Dst&, const Src&, const Func&) [35m[K[with Dst = Eigen::Matrix<double, 3, 1>; Src = Eigen::Block<const Eigen::Matrix<double, 3, 3>, 3, 1, true>; Func = assign_op<double, double>][m[K[m[K' at [01m[K/usr/include/eigen3/Eigen/src/Core/AssignEvaluator.h:890:49[m[K,
    inlined from '[01m[KDerived& Eigen::PlainObjectBase<Derived>::[01;32m[K_set_noalias[m[K(const Eigen::DenseBase<OtherDerived>&) [35m[K[with OtherDerived = Eigen::Block<const Eigen::Matrix<double, 3, 3>, 3, 1, true>; Derived = Eigen::Matrix<double, 3, 1>][m[K[m[K' at [01m[K/usr/include/eigen3/Eigen/src/Core/PlainObjectBase.h:797:41[m[K,
    inlined from '[01m[KEigen::PlainObjectBase<Derived>::[01;32m[KPlainObjectBase[m[K(const Eigen::DenseBase<OtherDerived>&) [35m[K[with OtherDerived = Eigen::Block<const Eigen::Matrix<double, 3, 3>, 3, 1, true>; Derived = Eigen::Matrix<double, 3, 1>][m[K[m[K' at [01m[K/usr/include/eigen3/Eigen/src/Core/PlainObjectBase.h:594:19[m[K,
    inlined from '[01m[KEigen::Matrix<_Scalar, _Rows, _Cols, _Options, _MaxRows, _MaxCols>::[01;32m[KMatrix[m[K(const Eigen::EigenBase<OtherDerived>&) [35m[K[with OtherDerived = Eigen::Block<const Eigen::Matrix<double, 3, 3>, 3, 1, true>; _Scalar = double; int _Rows = 3; int _Cols = 1; int _Options = 0; int _MaxRows = 3; int _MaxCols = 1][m[K[m[K' at [01m[K/usr/include/eigen3/Eigen/src/Core/Matrix.h:423:29[m[K,
    inlined from '[01m[KDerived& Eigen::QuaternionBase<Derived>::[01;32m[KsetFromTwoVectors[m[K(const Eigen::MatrixBase<OtherDerived>&, const Eigen::MatrixBase<OtherDerived>&) [35m[K[with Derived1 = Eigen::Matrix<double, 3, 1>; Derived2 = Eigen::Matrix<double, 3, 1>; Derived = Eigen::Quaternion<double>][m[K[m[K' at [01m[K/usr/include/eigen3/Eigen/src/Geometry/Quaternion.h:658:13[m[K:
[01m[K/usr/include/eigen3/Eigen/src/Core/CoreEvaluators.h:911:56:[m[K [01;35m[Kwarning: [m[K'[01m[Ksvd.Eigen::JacobiSVD<Eigen::Matrix<double, 2, 3, 0, 2, 3>, 2>::<unnamed>.Eigen::SVDBase<Eigen::JacobiSVD<Eigen::Matrix<double, 2, 3, 0, 2, 3>, 2> >::m_matrixV.Eigen::Matrix<double, 3, 3, 0, 3, 3>::<unnamed>.Eigen::PlainObjectBase<Eigen::Matrix<double, 3, 3, 0, 3, 3> >::m_storage.Eigen::DenseStorage<double, 9, 3, 3, 0>::m_data.Eigen::internal::plain_array<double, 9, 0, 0>::array[8][m[K' may be used uninitialized [[01;35m[K-Wmaybe-uninitialized[m[K]
  911 |     return m_data[col * colStride() + row * rowStride()[01;35m[K][m[K;
      |                                                        [01;35m[K^[m[K
[01m[K/usr/include/eigen3/Eigen/src/Geometry/Quaternion.h:[m[K In function '[01m[KDerived& Eigen::QuaternionBase<Derived>::[01;32m[KsetFromTwoVectors[m[K(const Eigen::MatrixBase<OtherDerived>&, const Eigen::MatrixBase<OtherDerived>&) [35m[K[with Derived1 = Eigen::Matrix<double, 3, 1>; Derived2 = Eigen::Matrix<double, 3, 1>; Derived = Eigen::Quaternion<double>][m[K[m[K':
[01m[K/usr/include/eigen3/Eigen/src/Geometry/Quaternion.h:657:36:[m[K [01;36m[Knote: [m[K'[01m[Ksvd[m[K' declared here
  657 |     JacobiSVD<Matrix<Scalar,2,3> > [01;36m[Ksvd[m[K(m, ComputeFullV);
      |                                    [01;36m[K^~~[m[K
[ 98%] Built target raycolour
[100%] Linking CXX executable ../../bin/rayrestore
[100%] Built target rayrestore
[ 51%] Built target raylib
[ 54%] Built target rayalign
[ 56%] Built target raycolour
[ 59%] Built target raycombine
[ 61%] Built target raycreate
[ 64%] Built target raydecimate
[ 66%] Built target raydenoise
[ 69%] Built target rayexport
[ 71%] Built target rayextract
[ 74%] Built target rayimport
[ 76%] Built target rayinfo
[ 79%] Built target rayrotate
[ 81%] Built target raysmooth
[ 83%] Built target raysplit
[ 86%] Built target raytransients
[ 88%] Built target raytranslate
[ 91%] Built target rayrender
[ 93%] Built target rayrestore
[ 96%] Built target raywrap
[100%] Built target raytest
Install the project...
-- Install configuration: "RelWithDebInfo"
-- Up-to-date: /usr/local/lib/cmake/raycloudtools/raycloudtools-targets.cmake
-- Up-to-date: /usr/local/lib/cmake/raycloudtools/raycloudtools-targets-relwithdebinfo.cmake
-- Up-to-date: /usr/local/lib/cmake/raycloudtools/raycloudtools-config.cmake
-- Up-to-date: /usr/local/lib/cmake/raycloudtools/raycloudtools-version.cmake
-- Up-to-date: /usr/local/include/raylib/rayalignment.h
-- Up-to-date: /usr/local/include/raylib/rayaxisalign.h
-- Up-to-date: /usr/local/include/raylib/raycloud.h
-- Up-to-date: /usr/local/include/raylib/raycloudwriter.h
-- Up-to-date: /usr/local/include/raylib/rayconcavehull.h
-- Up-to-date: /usr/local/include/raylib/rayconvexhull.h
-- Up-to-date: /usr/local/include/raylib/raydecimation.h
-- Up-to-date: /usr/local/include/raylib/rayellipsoid.h
-- Up-to-date: /usr/local/include/raylib/rayfinealignment.h
-- Up-to-date: /usr/local/include/raylib/rayforestgen.h
-- Up-to-date: /usr/local/include/raylib/rayforeststructure.h
-- Up-to-date: /usr/local/include/raylib/raygrid.h
-- Up-to-date: /usr/local/include/raylib/raylaz.h
-- Up-to-date: /usr/local/include/raylib/rayriegl.h
-- Up-to-date: /usr/local/include/raylib/raymerger.h
-- Up-to-date: /usr/local/include/raylib/raymesh.h
-- Up-to-date: /usr/local/include/raylib/rayply.h
-- Up-to-date: /usr/local/include/raylib/raypose.h
-- Up-to-date: /usr/local/include/raylib/rayprogress.h
-- Up-to-date: /usr/local/include/raylib/rayprogressthread.h
-- Up-to-date: /usr/local/include/raylib/rayroomgen.h
-- Up-to-date: /usr/local/include/raylib/raysplitter.h
-- Up-to-date: /usr/local/include/raylib/raybuildinggen.h
-- Up-to-date: /usr/local/include/raylib/raycuboid.h
-- Up-to-date: /usr/local/include/raylib/rayterraingen.h
-- Up-to-date: /usr/local/include/raylib/raythreads.h
-- Up-to-date: /usr/local/include/raylib/raytrajectory.h
-- Up-to-date: /usr/local/include/raylib/raytreegen.h
-- Up-to-date: /usr/local/include/raylib/raytreestructure.h
-- Up-to-date: /usr/local/include/raylib/rayunused.h
-- Up-to-date: /usr/local/include/raylib/rayutils.h
-- Up-to-date: /usr/local/include/raylib/rayparse.h
-- Up-to-date: /usr/local/include/raylib/rayrandom.h
-- Up-to-date: /usr/local/include/raylib/rayrenderer.h
-- Up-to-date: /usr/local/include/raylib/extraction/raytrunk.h
-- Up-to-date: /usr/local/include/raylib/extraction/raytrunks.h
-- Up-to-date: /usr/local/include/raylib/extraction/rayclusters.h
-- Up-to-date: /usr/local/include/raylib/extraction/rayleaves.h
-- Up-to-date: /usr/local/include/raylib/extraction/rayterrain.h
-- Up-to-date: /usr/local/include/raylib/extraction/raytrees.h
-- Up-to-date: /usr/local/include/raylib/extraction/rayforest.h
-- Up-to-date: /usr/local/include/raylib/extraction/raysegment.h
-- Up-to-date: /usr/local/include/raylib/extraction/raytreenode.h
-- Up-to-date: /usr/local/include/raylib/extraction/raygrid2d.h
-- Up-to-date: /usr/local/include/raylib/extraction/raydensegrid.h
-- Up-to-date: /usr/local/include/raylib/raylibconfig.h
-- Up-to-date: /usr/local/include/raylib/raylib_export.h
-- Installing: /usr/local/lib/libraylib.so.0.0.1
-- Set non-toolchain portion of runtime path of "/usr/local/lib/libraylib.so.0.0.1" to ""
-- Up-to-date: /usr/local/lib/libraylib.so
-- Installing: /usr/local/bin/rayalign-0.0.1
-- Up-to-date: /usr/local/bin/rayalign
-- Set non-toolchain portion of runtime path of "/usr/local/bin/rayalign-0.0.1" to ""
-- Installing: /usr/local/bin/raycolour-0.0.1
-- Up-to-date: /usr/local/bin/raycolour
-- Set non-toolchain portion of runtime path of "/usr/local/bin/raycolour-0.0.1" to ""
-- Installing: /usr/local/bin/raycombine-0.0.1
-- Up-to-date: /usr/local/bin/raycombine
-- Set non-toolchain portion of runtime path of "/usr/local/bin/raycombine-0.0.1" to ""
-- Installing: /usr/local/bin/raycreate-0.0.1
-- Up-to-date: /usr/local/bin/raycreate
-- Set non-toolchain portion of runtime path of "/usr/local/bin/raycreate-0.0.1" to ""
-- Installing: /usr/local/bin/raydecimate-0.0.1
-- Up-to-date: /usr/local/bin/raydecimate
-- Set non-toolchain portion of runtime path of "/usr/local/bin/raydecimate-0.0.1" to ""
-- Installing: /usr/local/bin/raydenoise-0.0.1
-- Up-to-date: /usr/local/bin/raydenoise
-- Set non-toolchain portion of runtime path of "/usr/local/bin/raydenoise-0.0.1" to ""
-- Installing: /usr/local/bin/rayexport-0.0.1
-- Up-to-date: /usr/local/bin/rayexport
-- Set non-toolchain portion of runtime path of "/usr/local/bin/rayexport-0.0.1" to ""
-- Installing: /usr/local/bin/rayextract-0.0.1
-- Up-to-date: /usr/local/bin/rayextract
-- Set non-toolchain portion of runtime path of "/usr/local/bin/rayextract-0.0.1" to ""
-- Installing: /usr/local/bin/rayimport-0.0.1
-- Up-to-date: /usr/local/bin/rayimport
-- Set non-toolchain portion of runtime path of "/usr/local/bin/rayimport-0.0.1" to ""
-- Installing: /usr/local/bin/rayinfo-0.0.1
-- Up-to-date: /usr/local/bin/rayinfo
-- Set non-toolchain portion of runtime path of "/usr/local/bin/rayinfo-0.0.1" to ""
-- Installing: /usr/local/bin/rayrotate-0.0.1
-- Up-to-date: /usr/local/bin/rayrotate
-- Set non-toolchain portion of runtime path of "/usr/local/bin/rayrotate-0.0.1" to ""
-- Installing: /usr/local/bin/raysmooth-0.0.1
-- Up-to-date: /usr/local/bin/raysmooth
-- Set non-toolchain portion of runtime path of "/usr/local/bin/raysmooth-0.0.1" to ""
-- Installing: /usr/local/bin/raysplit-0.0.1
-- Up-to-date: /usr/local/bin/raysplit
-- Set non-toolchain portion of runtime path of "/usr/local/bin/raysplit-0.0.1" to ""
-- Installing: /usr/local/bin/raytransients-0.0.1
-- Up-to-date: /usr/local/bin/raytransients
-- Set non-toolchain portion of runtime path of "/usr/local/bin/raytransients-0.0.1" to ""
-- Installing: /usr/local/bin/raytranslate-0.0.1
-- Up-to-date: /usr/local/bin/raytranslate
-- Set non-toolchain portion of runtime path of "/usr/local/bin/raytranslate-0.0.1" to ""
-- Installing: /usr/local/bin/rayrender-0.0.1
-- Up-to-date: /usr/local/bin/rayrender
-- Set non-toolchain portion of runtime path of "/usr/local/bin/rayrender-0.0.1" to ""
-- Installing: /usr/local/bin/rayrestore-0.0.1
-- Up-to-date: /usr/local/bin/rayrestore
-- Set non-toolchain portion of runtime path of "/usr/local/bin/rayrestore-0.0.1" to ""
-- Installing: /usr/local/bin/raywrap-0.0.1
-- Up-to-date: /usr/local/bin/raywrap
-- Set non-toolchain portion of runtime path of "/usr/local/bin/raywrap-0.0.1" to ""
Build Raycloudtools completed successfully.
building TreeTools...
CMake Warning (dev) at cmake/RasClangTidy.cmake:67 (find_package):
  Policy CMP0148 is not set: The FindPythonInterp and FindPythonLibs modules
  are removed.  Run "cmake --help-policy CMP0148" for policy details.  Use
  the cmake_policy command to set the policy and suppress this warning.

Call Stack (most recent call first):
  cmake/RasProjectSetup.cmake:143 (include)
  CMakeLists.txt:19 (ras_project)
This warning is for project developers.  Use -Wno-dev to suppress it.

-- TREETOOLS_INCLUDE: /usr/include/eigen3;/usr/local/include
-- TREETOOLS_LINK: /usr/local/lib/libnabo.a;gomp;raycloud::raylib;Threads::Threads
-- Configuring done (4.8s)
-- Generating done (55.8s)
-- Build files have been written to: /workspaces/raycloudtools/treetools/build
[  2%] Linking CXX shared library libtreelib.so
[ 10%] Built target treelib
[ 25%] Linking CXX executable ../../bin/treediff
[ 41%] Linking CXX executable ../../bin/treecombine
[ 43%] Linking CXX executable ../../bin/treerotate
[ 46%] Linking CXX executable ../../bin/treedecimate
[ 46%] Linking CXX executable ../../bin/treetranslate
[ 46%] Linking CXX executable ../../bin/treeprune
[ 46%] Linking CXX executable ../../bin/treesmooth
[ 46%] Linking CXX executable ../../bin/treeinfo
[ 46%] Linking CXX executable ../../bin/treemesh
[ 46%] Linking CXX executable ../../bin/treesplit
[ 46%] Linking CXX executable ../../bin/treecreate
[ 46%] Linking CXX executable ../../bin/treegrow
[ 46%] Linking CXX executable ../../bin/treecolour
[ 46%] Linking CXX executable ../../bin/treerender
[ 48%] Linking CXX executable ../../bin/treetest
[ 51%] Built target treetranslate
[ 53%] Built target treeprune
[ 58%] Built target treerotate
[ 58%] Built target treedecimate
[ 64%] Built target treesmooth
[ 64%] Built target treecombine
[ 69%] Built target treesplit
[ 69%] Built target treecreate
[ 71%] Built target treegrow
[ 76%] Built target treemesh
[ 76%] Built target treecolour
[ 79%] Built target treerender
[ 82%] Built target treeinfo
[ 87%] Linking CXX executable ../../bin/treefoliage
[ 89%] Built target treediff
[ 89%] Linking CXX executable ../../bin/treepaint
[ 94%] Built target treetest
[ 97%] Built target treepaint
[100%] Built target treefoliage
[ 10%] Built target treelib
[ 15%] Built target treecolour
[ 20%] Built target treecombine
[ 25%] Built target treecreate
[ 30%] Built target treedecimate
[ 35%] Built target treediff
[ 41%] Built target treefoliage
[ 46%] Built target treegrow
[ 51%] Built target treeinfo
[ 56%] Built target treemesh
[ 61%] Built target treepaint
[ 66%] Built target treeprune
[ 71%] Built target treerender
[ 76%] Built target treerotate
[ 82%] Built target treesmooth
[ 87%] Built target treesplit
[ 92%] Built target treetranslate
[100%] Built target treetest
Install the project...
-- Install configuration: "RelWithDebInfo"
-- Up-to-date: /usr/local/include/treelib/treeinformation.h
-- Up-to-date: /usr/local/include/treelib/treeutils.h
-- Up-to-date: /usr/local/include/treelib/treelibconfig.h
-- Up-to-date: /usr/local/include/treelib/treelib_export.h
-- Installing: /usr/local/lib/libtreelib.so.0.0.1
-- Set non-toolchain portion of runtime path of "/usr/local/lib/libtreelib.so.0.0.1" to ""
-- Up-to-date: /usr/local/lib/libtreelib.so
-- Installing: /usr/local/bin/treecolour-0.0.1
-- Up-to-date: /usr/local/bin/treecolour
-- Set non-toolchain portion of runtime path of "/usr/local/bin/treecolour-0.0.1" to ""
-- Installing: /usr/local/bin/treecombine-0.0.1
-- Up-to-date: /usr/local/bin/treecombine
-- Set non-toolchain portion of runtime path of "/usr/local/bin/treecombine-0.0.1" to ""
-- Installing: /usr/local/bin/treecreate-0.0.1
-- Up-to-date: /usr/local/bin/treecreate
-- Set non-toolchain portion of runtime path of "/usr/local/bin/treecreate-0.0.1" to ""
-- Installing: /usr/local/bin/treedecimate-0.0.1
-- Up-to-date: /usr/local/bin/treedecimate
-- Set non-toolchain portion of runtime path of "/usr/local/bin/treedecimate-0.0.1" to ""
-- Installing: /usr/local/bin/treediff-0.0.1
-- Up-to-date: /usr/local/bin/treediff
-- Set non-toolchain portion of runtime path of "/usr/local/bin/treediff-0.0.1" to ""
-- Installing: /usr/local/bin/treefoliage-0.0.1
-- Up-to-date: /usr/local/bin/treefoliage
-- Set non-toolchain portion of runtime path of "/usr/local/bin/treefoliage-0.0.1" to ""
-- Installing: /usr/local/bin/treegrow-0.0.1
-- Up-to-date: /usr/local/bin/treegrow
-- Set non-toolchain portion of runtime path of "/usr/local/bin/treegrow-0.0.1" to ""
-- Installing: /usr/local/bin/treeinfo-0.0.1
-- Up-to-date: /usr/local/bin/treeinfo
-- Set non-toolchain portion of runtime path of "/usr/local/bin/treeinfo-0.0.1" to ""
-- Installing: /usr/local/bin/treemesh-0.0.1
-- Up-to-date: /usr/local/bin/treemesh
-- Set non-toolchain portion of runtime path of "/usr/local/bin/treemesh-0.0.1" to ""
-- Installing: /usr/local/bin/treepaint-0.0.1
-- Up-to-date: /usr/local/bin/treepaint
-- Set non-toolchain portion of runtime path of "/usr/local/bin/treepaint-0.0.1" to ""
-- Installing: /usr/local/bin/treeprune-0.0.1
-- Up-to-date: /usr/local/bin/treeprune
-- Set non-toolchain portion of runtime path of "/usr/local/bin/treeprune-0.0.1" to ""
-- Installing: /usr/local/bin/treerender-0.0.1
-- Up-to-date: /usr/local/bin/treerender
-- Set non-toolchain portion of runtime path of "/usr/local/bin/treerender-0.0.1" to ""
-- Installing: /usr/local/bin/treerotate-0.0.1
-- Up-to-date: /usr/local/bin/treerotate
-- Set non-toolchain portion of runtime path of "/usr/local/bin/treerotate-0.0.1" to ""
-- Installing: /usr/local/bin/treesmooth-0.0.1
-- Up-to-date: /usr/local/bin/treesmooth
-- Set non-toolchain portion of runtime path of "/usr/local/bin/treesmooth-0.0.1" to ""
-- Installing: /usr/local/bin/treesplit-0.0.1
-- Up-to-date: /usr/local/bin/treesplit
-- Set non-toolchain portion of runtime path of "/usr/local/bin/treesplit-0.0.1" to ""
-- Installing: /usr/local/bin/treetranslate-0.0.1
-- Up-to-date: /usr/local/bin/treetranslate
-- Set non-toolchain portion of runtime path of "/usr/local/bin/treetranslate-0.0.1" to ""
Build process completed successfully.
